This is XeTeX, Version 3.141592653-2.6-0.999993 (TeX Live 2022/dev/Debian) (preloaded format=xelatex 2026.9.19)  19 SEP 2026 14:59
entering extended mode
 restricted \write18 enabled.
 %&-line parsing enabled.
**Wireless_Communications_EX4_report.tex
(./Wireless_Communications_EX4_report.tex
LaTeX2e <2021-11-15> patch level 1
L3 programming layer <2022-01-21>
(/usr/share/texlive/texmf-dist/tex/latex/base/article.cls
Document Class: article 2021/10/04 v1.4n Standard LaTeX document class
(/usr/share/texlive/texmf-dist/tex/latex/base/size11.clo
File: size11.clo 2021/10/04 v1.4n Standard LaTeX file (size option)
)
\c@part=\count181
\c@section=\count182
\c@subsection=\count183
\c@subsubsection=\count184
\c@paragraph=\count185
\c@subparagraph=\count186
\c@figure=\count187
\c@table=\count188
\abovecaptionskip=\skip47
\belowcaptionskip=\skip48
\bibindent=\dimen138
)
(/usr/share/texlive/texmf-dist/tex/latex/fontspec/fontspec.sty
(/usr/share/texlive/texmf-dist/tex/latex/l3packages/xparse/xparse.sty
(/usr/share/texlive/texmf-dist/tex/latex/l3kernel/expl3.sty
Package: expl3 2022-01-21 L3 programming layer (loader) 

(/usr/share/texlive/texmf-dist/tex/latex/l3backend/l3backend-xetex.def
File: l3backend-xetex.def 2022-01-12 L3 backend support: XeTeX

(|extractbb --version)
\c__kernel_sys_dvipdfmx_version_int=\count189
\l__color_backend_stack_int=\count190
\g__color_backend_stack_int=\count191
\g__graphics_track_int=\count192
\l__pdf_internal_box=\box50
\g__pdf_backend_object_int=\count193
\g__pdf_backend_annotation_int=\count194
\g__pdf_backend_link_int=\count195
))
Package: xparse 2022-01-12 L3 Experimental document command parser
)
Package: fontspec 2022/01/15 v2.8a Font selection for XeLaTeX and LuaLaTeX

(/usr/share/texlive/texmf-dist/tex/latex/fontspec/fontspec-xetex.sty
Package: fontspec-xetex 2022/01/15 v2.8a Font selection for XeLaTeX and LuaLaTe
X
\l__fontspec_script_int=\count196
\l__fontspec_language_int=\count197
\l__fontspec_strnum_int=\count198
\l__fontspec_tmp_int=\count199
\l__fontspec_tmpa_int=\count266
\l__fontspec_tmpb_int=\count267
\l__fontspec_tmpc_int=\count268
\l__fontspec_em_int=\count269
\l__fontspec_emdef_int=\count270
\l__fontspec_strong_int=\count271
\l__fontspec_strongdef_int=\count272
\l__fontspec_tmpa_dim=\dimen139
\l__fontspec_tmpb_dim=\dimen140
\l__fontspec_tmpc_dim=\dimen141

(/usr/share/texlive/texmf-dist/tex/latex/base/fontenc.sty
Package: fontenc 2021/04/29 v2.0v Standard LaTeX package
)
(/usr/share/texlive/texmf-dist/tex/latex/fontspec/fontspec.cfg)))
(/usr/share/texlive/texmf-dist/tex/latex/polyglossia/polyglossia.sty
Package: polyglossia 2021/04/12 v1.53 Modern multilingual typesetting with XeLa
TeX and LuaLaTeX

(/usr/share/texlive/texmf-dist/tex/latex/etoolbox/etoolbox.sty
Package: etoolbox 2020/10/05 v2.5k e-TeX tools for LaTeX (JAW)
\etb@tempcnta=\count273
)
(/usr/share/texlive/texmf-dist/tex/latex/makecmds/makecmds.sty
Package: makecmds 2009/09/03 v1.0a extra command making commands
)
(/usr/share/texlive/texmf-dist/tex/latex/xkeyval/xkeyval.sty
Package: xkeyval 2020/11/20 v2.8 package option processing (HA)

(/usr/share/texlive/texmf-dist/tex/generic/xkeyval/xkeyval.tex
(/usr/share/texlive/texmf-dist/tex/generic/xkeyval/xkvutils.tex
\XKV@toks=\toks16
\XKV@tempa@toks=\toks17

(/usr/share/texlive/texmf-dist/tex/generic/xkeyval/keyval.tex))
\XKV@depth=\count274
File: xkeyval.tex 2014/12/03 v2.7a key=value parser (HA)
))
(/usr/share/texlive/texmf-dist/tex/generic/iftex/iftex.sty
Package: iftex 2020/03/06 v1.0d TeX engine tests
)
(/usr/share/texlive/texmf-dist/tex/latex/l3packages/l3keys2e/l3keys2e.sty
Package: l3keys2e 2022-01-12 LaTeX2e option processing using LaTeX3 keys
)

LaTeX hooks Warning: Generic hook 'file/after/tracklang.sty' is deprecated.
(hooks)              Use hook 'file/tracklang.sty/after' instead.


LaTeX hooks Warning: Generic hook 'package/after/bidi' is deprecated.
(hooks)              Use hook 'package/bidi/after' instead.


LaTeX hooks Warning: Generic hook 'package/after/luabidi' is deprecated.
(hooks)              Use hook 'package/luabidi/after' instead.

\xpg@normalclass=\XeTeXcharclass1
(/usr/share/texlive/texmf-dist/tex/latex/polyglossia/gloss-latex.ldf
File: gloss-latex.ldf polyglossia: module for default language
The property list \polyglossia@langsetup contains the pairs (without outer
braces):
>  {latex/script}  =>  {latin}
>  {latex/lcscript}  =>  {latin}
>  {latex/scripttag}  =>  {}
>  {latex/language}  =>  {Latex}
>  {latex/langtag}  =>  {ENG}
>  {latex/bcp47}  =>  {}
>  {latex/hyphennames}  =>  {english}
>  {latex/direction}  =>  {LR}
>  {latex/hyphenmins}  =>  {2,3}
>  {latex/frenchspacing}  =>  {false}
>  {latex/indentfirst}  =>  {false}
>  {latex/fontsetup}  =>  {true}
>  {latex/envname}  =>  {latex}
>  {latex/babelname}  =>  {latex}
>  {latex/localnumeral}  =>  {polyglossia@C@localnumeral}
>  {latex/Localnumeral}  =>  {polyglossia@C@localnumeral}.
)
Package polyglossia Info: Default language is latex.
)
(/usr/share/texlive/texmf-dist/tex/latex/polyglossia/gloss-greek.ldf
File: gloss-greek.ldf polyglossia: module for greek
The property list \polyglossia@langsetup contains the pairs (without outer
braces):
>  {latex/script}  =>  {latin}
>  {latex/lcscript}  =>  {latin}
>  {latex/scripttag}  =>  {}
>  {latex/language}  =>  {Latex}
>  {latex/langtag}  =>  {ENG}
>  {latex/bcp47}  =>  {}
>  {latex/hyphennames}  =>  {english}
>  {latex/direction}  =>  {LR}
>  {latex/hyphenmins}  =>  {2,3}
>  {latex/frenchspacing}  =>  {false}
>  {latex/indentfirst}  =>  {false}
>  {latex/fontsetup}  =>  {true}
>  {latex/envname}  =>  {latex}
>  {latex/babelname}  =>  {latex}
>  {latex/localnumeral}  =>  {polyglossia@C@localnumeral}
>  {latex/Localnumeral}  =>  {polyglossia@C@localnumeral}
>  {greek/script}  =>  {Greek}
>  {greek/lcscript}  =>  {greek}
>  {greek/scripttag}  =>  {grek}
>  {greek/language}  =>  {Greek}
>  {greek/langtag}  =>  {ELL}
>  {greek/bcp47}  =>  {el-monoton}
>  {greek/hyphennames}  =>  {}
>  {greek/direction}  =>  {LR}
>  {greek/hyphenmins}  =>  {2,3}
>  {greek/frenchspacing}  =>  {true}
>  {greek/indentfirst}  =>  {true}
>  {greek/fontsetup}  =>  {true}
>  {greek/envname}  =>  {greek}
>  {greek/babelname}  =>  {greek}
>  {greek/localnumeral}  =>  {greeknumerals}
>  {greek/Localnumeral}  =>  {Greeknumerals}.

(/usr/share/texlive/texmf-dist/tex/latex/polyglossia/xgreek-fixes.def)
Package polyglossia Info: Option: Monotonic Greek.
\@attic@num=\count275
)
Package polyglossia Info: Default language is greek.

(/usr/share/texlive/texmf-dist/tex/latex/polyglossia/gloss-english.ldf
File: gloss-english.ldf polyglossia: module for english
The property list \polyglossia@langsetup contains the pairs (without outer
braces):
>  {latex/script}  =>  {latin}
>  {latex/lcscript}  =>  {latin}
>  {latex/scripttag}  =>  {}
>  {latex/language}  =>  {Latex}
>  {latex/langtag}  =>  {ENG}
>  {latex/bcp47}  =>  {}
>  {latex/hyphennames}  =>  {english}
>  {latex/direction}  =>  {LR}
>  {latex/hyphenmins}  =>  {2,3}
>  {latex/frenchspacing}  =>  {false}
>  {latex/indentfirst}  =>  {false}
>  {latex/fontsetup}  =>  {true}
>  {latex/envname}  =>  {latex}
>  {latex/babelname}  =>  {latex}
>  {latex/localnumeral}  =>  {polyglossia@C@localnumeral}
>  {latex/Localnumeral}  =>  {polyglossia@C@localnumeral}
>  {greek/script}  =>  {Greek}
>  {greek/lcscript}  =>  {greek}
>  {greek/scripttag}  =>  {grek}
>  {greek/language}  =>  {Greek}
>  {greek/langtag}  =>  {ELL}
>  {greek/bcp47}  =>  {el-monoton}
>  {greek/hyphennames}  =>  {}
>  {greek/direction}  =>  {LR}
>  {greek/hyphenmins}  =>  {2,3}
>  {greek/frenchspacing}  =>  {true}
>  {greek/indentfirst}  =>  {true}
>  {greek/fontsetup}  =>  {true}
>  {greek/envname}  =>  {greek}
>  {greek/babelname}  =>  {greek}
>  {greek/localnumeral}  =>  {greeknumerals}
>  {greek/Localnumeral}  =>  {Greeknumerals}
>  {english/script}  =>  {latin}
>  {english/lcscript}  =>  {latin}
>  {english/scripttag}  =>  {}
>  {english/language}  =>  {English}
>  {english/langtag}  =>  {ENG}
>  {english/bcp47}  =>  {en-US}
>  {english/hyphennames}  =>  {english,american,usenglish,USenglish}
>  {english/direction}  =>  {LR}
>  {english/hyphenmins}  =>  {2,3}
>  {english/frenchspacing}  =>  {false}
>  {english/indentfirst}  =>  {false}
>  {english/fontsetup}  =>  {true}
>  {english/envname}  =>  {english}
>  {english/babelname}  =>  {english}
>  {english/localnumeral}  =>  {polyglossia@C@localnumeral}
>  {english/Localnumeral}  =>  {polyglossia@C@localnumeral}.
Package polyglossia Info: Option: English, variant=american.
)

Package fontspec Info: Font family 'LinuxLibertineO(0)' created for font
(fontspec)             'Linux Libertine O' with options [Ligatures=TeX].
(fontspec)              
(fontspec)              This font family consists of the following NFSS
(fontspec)             series/shapes:
(fontspec)              
(fontspec)             - 'normal' (m/n) with NFSS spec.: <->"Linux Libertine
(fontspec)             O/OT:script=latn;language=dflt;mapping=tex-text;"
(fontspec)             - 'small caps'  (m/sc) with NFSS spec.: <->"Linux
(fontspec)             Libertine
(fontspec)             O/OT:script=latn;language=dflt;+smcp;mapping=tex-text;"
(fontspec)             - 'bold' (b/n) with NFSS spec.: <->"Linux Libertine
(fontspec)             O/B/OT:script=latn;language=dflt;mapping=tex-text;"
(fontspec)             - 'bold small caps'  (b/sc) with NFSS spec.: <->"Linux
(fontspec)             Libertine
(fontspec)             O/B/OT:script=latn;language=dflt;+smcp;mapping=tex-text;
"
(fontspec)             - 'italic' (m/it) with NFSS spec.: <->"Linux Libertine
(fontspec)             O/I/OT:script=latn;language=dflt;mapping=tex-text;"
(fontspec)             - 'italic small caps'  (m/scit) with NFSS spec.:
(fontspec)             <->"Linux Libertine
(fontspec)             O/I/OT:script=latn;language=dflt;+smcp;mapping=tex-text;
"
(fontspec)             - 'bold italic' (b/it) with NFSS spec.: <->"Linux
(fontspec)             Libertine
(fontspec)             O/BI/OT:script=latn;language=dflt;mapping=tex-text;"
(fontspec)             - 'bold italic small caps'  (b/scit) with NFSS spec.:
(fontspec)             <->"Linux Libertine
(fontspec)             O/BI/OT:script=latn;language=dflt;+smcp;mapping=tex-text
;"


Package fontspec Info: Font family 'LinuxBiolinumO(0)' created for font 'Linux
(fontspec)             Biolinum O' with options [Ligatures=TeX].
(fontspec)              
(fontspec)              This font family consists of the following NFSS
(fontspec)             series/shapes:
(fontspec)              
(fontspec)             - 'normal' (m/n) with NFSS spec.: <->"Linux Biolinum
(fontspec)             O/OT:script=latn;language=dflt;mapping=tex-text;"
(fontspec)             - 'small caps'  (m/sc) with NFSS spec.: <->"Linux
(fontspec)             Biolinum
(fontspec)             O/OT:script=latn;language=dflt;+smcp;mapping=tex-text;"
(fontspec)             - 'bold' (b/n) with NFSS spec.: <->"Linux Biolinum
(fontspec)             O/B/OT:script=latn;language=dflt;mapping=tex-text;"
(fontspec)             - 'bold small caps'  (b/sc) with NFSS spec.: <->"Linux
(fontspec)             Biolinum
(fontspec)             O/B/OT:script=latn;language=dflt;+smcp;mapping=tex-text;
"
(fontspec)             - 'italic' (m/it) with NFSS spec.: <->"Linux Biolinum
(fontspec)             O/I/OT:script=latn;language=dflt;mapping=tex-text;"
(fontspec)             - 'italic small caps'  (m/scit) with NFSS spec.:
(fontspec)             <->"Linux Biolinum
(fontspec)             O/I/OT:script=latn;language=dflt;+smcp;mapping=tex-text;
"
(fontspec)             - 'bold italic' (b/it) with NFSS spec.: <->"Linux
(fontspec)             Biolinum
(fontspec)             O/BI/OT:script=latn;language=dflt;mapping=tex-text;"
(fontspec)             - 'bold italic small caps'  (b/scit) with NFSS spec.:
(fontspec)             <->"Linux Biolinum
(fontspec)             O/BI/OT:script=latn;language=dflt;+smcp;mapping=tex-text
;"


Package fontspec Info: Font family 'DejaVuSansMono(0)' created for font
(fontspec)             'DejaVu Sans Mono' with options
(fontspec)             [WordSpace={1,0,0},HyphenChar=None,PunctuationSpace=Word
Space].
(fontspec)              
(fontspec)              This font family consists of the following NFSS
(fontspec)             series/shapes:
(fontspec)              
(fontspec)             - 'normal' (m/n) with NFSS spec.: <->"DejaVu Sans
(fontspec)             Mono/OT:script=latn;language=dflt;"
(fontspec)             - 'small caps'  (m/sc) with NFSS spec.: 
(fontspec)             and font adjustment code:
(fontspec)             \fontdimen 2\font =1\fontdimen 2\font \fontdimen 3\font
(fontspec)             =0\fontdimen 3\font \fontdimen 4\font =0\fontdimen
(fontspec)             4\font \fontdimen 7\font =0\fontdimen 2\font
(fontspec)             \tex_hyphenchar:D \font =-1\scan_stop: 
(fontspec)             - 'bold' (b/n) with NFSS spec.: <->"DejaVu Sans
(fontspec)             Mono/B/OT:script=latn;language=dflt;"
(fontspec)             - 'bold small caps'  (b/sc) with NFSS spec.: 
(fontspec)             and font adjustment code:
(fontspec)             \fontdimen 2\font =1\fontdimen 2\font \fontdimen 3\font
(fontspec)             =0\fontdimen 3\font \fontdimen 4\font =0\fontdimen
(fontspec)             4\font \fontdimen 7\font =0\fontdimen 2\font
(fontspec)             \tex_hyphenchar:D \font =-1\scan_stop: 
(fontspec)             - 'italic' (m/it) with NFSS spec.: <->"DejaVu Sans
(fontspec)             Mono/I/OT:script=latn;language=dflt;"
(fontspec)             - 'italic small caps'  (m/scit) with NFSS spec.: 
(fontspec)             and font adjustment code:
(fontspec)             \fontdimen 2\font =1\fontdimen 2\font \fontdimen 3\font
(fontspec)             =0\fontdimen 3\font \fontdimen 4\font =0\fontdimen
(fontspec)             4\font \fontdimen 7\font =0\fontdimen 2\font
(fontspec)             \tex_hyphenchar:D \font =-1\scan_stop: 
(fontspec)             - 'bold italic' (b/it) with NFSS spec.: <->"DejaVu Sans
(fontspec)             Mono/BI/OT:script=latn;language=dflt;"
(fontspec)             - 'bold italic small caps'  (b/scit) with NFSS spec.: 
(fontspec)             and font adjustment code:
(fontspec)             \fontdimen 2\font =1\fontdimen 2\font \fontdimen 3\font
(fontspec)             =0\fontdimen 3\font \fontdimen 4\font =0\fontdimen
(fontspec)             4\font \fontdimen 7\font =0\fontdimen 2\font
(fontspec)             \tex_hyphenchar:D \font =-1\scan_stop: 


Package fontspec Info: Font family 'LinuxLibertineO(1)' created for font
(fontspec)             'Linux Libertine O' with options [].
(fontspec)              
(fontspec)              This font family consists of the following NFSS
(fontspec)             series/shapes:
(fontspec)              
(fontspec)             - 'normal' (m/n) with NFSS spec.: <->"Linux Libertine
(fontspec)             O/OT:script=latn;language=dflt;"
(fontspec)             - 'small caps'  (m/sc) with NFSS spec.: <->"Linux
(fontspec)             Libertine O/OT:script=latn;language=dflt;+smcp;"
(fontspec)             - 'bold' (b/n) with NFSS spec.: <->"Linux Libertine
(fontspec)             O/B/OT:script=latn;language=dflt;"
(fontspec)             - 'bold small caps'  (b/sc) with NFSS spec.: <->"Linux
(fontspec)             Libertine O/B/OT:script=latn;language=dflt;+smcp;"
(fontspec)             - 'italic' (m/it) with NFSS spec.: <->"Linux Libertine
(fontspec)             O/I/OT:script=latn;language=dflt;"
(fontspec)             - 'italic small caps'  (m/scit) with NFSS spec.:
(fontspec)             <->"Linux Libertine
(fontspec)             O/I/OT:script=latn;language=dflt;+smcp;"
(fontspec)             - 'bold italic' (b/it) with NFSS spec.: <->"Linux
(fontspec)             Libertine O/BI/OT:script=latn;language=dflt;"
(fontspec)             - 'bold italic small caps'  (b/scit) with NFSS spec.:
(fontspec)             <->"Linux Libertine
(fontspec)             O/BI/OT:script=latn;language=dflt;+smcp;"


Package fontspec Info: Font family 'LinuxBiolinumO(1)' created for font 'Linux
(fontspec)             Biolinum O' with options [].
(fontspec)              
(fontspec)              This font family consists of the following NFSS
(fontspec)             series/shapes:
(fontspec)              
(fontspec)             - 'normal' (m/n) with NFSS spec.: <->"Linux Biolinum
(fontspec)             O/OT:script=latn;language=dflt;"
(fontspec)             - 'small caps'  (m/sc) with NFSS spec.: <->"Linux
(fontspec)             Biolinum O/OT:script=latn;language=dflt;+smcp;"
(fontspec)             - 'bold' (b/n) with NFSS spec.: <->"Linux Biolinum
(fontspec)             O/B/OT:script=latn;language=dflt;"
(fontspec)             - 'bold small caps'  (b/sc) with NFSS spec.: <->"Linux
(fontspec)             Biolinum O/B/OT:script=latn;language=dflt;+smcp;"
(fontspec)             - 'italic' (m/it) with NFSS spec.: <->"Linux Biolinum
(fontspec)             O/I/OT:script=latn;language=dflt;"
(fontspec)             - 'italic small caps'  (m/scit) with NFSS spec.:
(fontspec)             <->"Linux Biolinum
(fontspec)             O/I/OT:script=latn;language=dflt;+smcp;"
(fontspec)             - 'bold italic' (b/it) with NFSS spec.: <->"Linux
(fontspec)             Biolinum O/BI/OT:script=latn;language=dflt;"
(fontspec)             - 'bold italic small caps'  (b/scit) with NFSS spec.:
(fontspec)             <->"Linux Biolinum
(fontspec)             O/BI/OT:script=latn;language=dflt;+smcp;"


Package fontspec Info: Font family 'DejaVuSansMono(1)' created for font
(fontspec)             'DejaVu Sans Mono' with options [].
(fontspec)              
(fontspec)              This font family consists of the following NFSS
(fontspec)             series/shapes:
(fontspec)              
(fontspec)             - 'normal' (m/n) with NFSS spec.: <->"DejaVu Sans
(fontspec)             Mono/OT:script=latn;language=dflt;"
(fontspec)             - 'small caps'  (m/sc) with NFSS spec.: 
(fontspec)             - 'bold' (b/n) with NFSS spec.: <->"DejaVu Sans
(fontspec)             Mono/B/OT:script=latn;language=dflt;"
(fontspec)             - 'bold small caps'  (b/sc) with NFSS spec.: 
(fontspec)             - 'italic' (m/it) with NFSS spec.: <->"DejaVu Sans
(fontspec)             Mono/I/OT:script=latn;language=dflt;"
(fontspec)             - 'italic small caps'  (m/scit) with NFSS spec.: 
(fontspec)             - 'bold italic' (b/it) with NFSS spec.: <->"DejaVu Sans
(fontspec)             Mono/BI/OT:script=latn;language=dflt;"
(fontspec)             - 'bold italic small caps'  (b/scit) with NFSS spec.: 


(/usr/share/texlive/texmf-dist/tex/latex/amsmath/amsmath.sty
Package: amsmath 2021/10/15 v2.17l AMS math features
\@mathmargin=\skip49

For additional information on amsmath, use the `?' option.
(/usr/share/texlive/texmf-dist/tex/latex/amsmath/amstext.sty
Package: amstext 2021/08/26 v2.01 AMS text

(/usr/share/texlive/texmf-dist/tex/latex/amsmath/amsgen.sty
File: amsgen.sty 1999/11/30 v2.0 generic functions
\@emptytoks=\toks18
\ex@=\dimen142
))
(/usr/share/texlive/texmf-dist/tex/latex/amsmath/amsbsy.sty
Package: amsbsy 1999/11/29 v1.2d Bold Symbols
\pmbraise@=\dimen143
)
(/usr/share/texlive/texmf-dist/tex/latex/amsmath/amsopn.sty
Package: amsopn 2021/08/26 v2.02 operator names
)
\inf@bad=\count276
LaTeX Info: Redefining \frac on input line 234.
\uproot@=\count277
\leftroot@=\count278
LaTeX Info: Redefining \overline on input line 399.
\classnum@=\count279
\DOTSCASE@=\count280
LaTeX Info: Redefining \ldots on input line 496.
LaTeX Info: Redefining \dots on input line 499.
LaTeX Info: Redefining \cdots on input line 620.
\Mathstrutbox@=\box51
\strutbox@=\box52
\big@size=\dimen144
LaTeX Font Info:    Redeclaring font encoding OML on input line 743.
LaTeX Font Info:    Redeclaring font encoding OMS on input line 744.
\macc@depth=\count281
\c@MaxMatrixCols=\count282
\dotsspace@=\muskip16
\c@parentequation=\count283
\dspbrk@lvl=\count284
\tag@help=\toks19
\row@=\count285
\column@=\count286
\maxfields@=\count287
\andhelp@=\toks20
\eqnshift@=\dimen145
\alignsep@=\dimen146
\tagshift@=\dimen147
\tagwidth@=\dimen148
\totwidth@=\dimen149
\lineht@=\dimen150
\@envbody=\toks21
\multlinegap=\skip50
\multlinetaggap=\skip51
\mathdisplay@stack=\toks22
LaTeX Info: Redefining \[ on input line 2938.
LaTeX Info: Redefining \] on input line 2939.
)
(/usr/share/texlive/texmf-dist/tex/latex/amsfonts/amssymb.sty
Package: amssymb 2013/01/14 v3.01 AMS font symbols

(/usr/share/texlive/texmf-dist/tex/latex/amsfonts/amsfonts.sty
Package: amsfonts 2013/01/14 v3.01 Basic AMSFonts support
\symAMSa=\mathgroup4
\symAMSb=\mathgroup5
LaTeX Font Info:    Redeclaring math symbol \hbar on input line 98.
LaTeX Font Info:    Overwriting math alphabet `\mathfrak' in version `bold'
(Font)                  U/euf/m/n --> U/euf/b/n on input line 106.
))
(/usr/share/texlive/texmf-dist/tex/latex/graphics/graphicx.sty
Package: graphicx 2021/09/16 v1.2d Enhanced LaTeX Graphics (DPC,SPQR)

(/usr/share/texlive/texmf-dist/tex/latex/graphics/graphics.sty
Package: graphics 2021/03/04 v1.4d Standard LaTeX Graphics (DPC,SPQR)

(/usr/share/texlive/texmf-dist/tex/latex/graphics/trig.sty
Package: trig 2021/08/11 v1.11 sin cos tan (DPC)
)
(/usr/share/texlive/texmf-dist/tex/latex/graphics-cfg/graphics.cfg
File: graphics.cfg 2016/06/04 v1.11 sample graphics configuration
)
Package graphics Info: Driver file: xetex.def on input line 107.

(/usr/share/texlive/texmf-dist/tex/latex/graphics-def/xetex.def
File: xetex.def 2021/03/18 v5.0k Graphics/color driver for xetex
))
\Gin@req@height=\dimen151
\Gin@req@width=\dimen152
)
(/usr/share/texlive/texmf-dist/tex/latex/geometry/geometry.sty
Package: geometry 2020/01/02 v5.9 Page Geometry

(/usr/share/texlive/texmf-dist/tex/generic/iftex/ifvtex.sty
Package: ifvtex 2019/10/25 v1.7 ifvtex legacy package. Use iftex instead.
)
\Gm@cnth=\count288
\Gm@cntv=\count289
\c@Gm@tempcnt=\count290
\Gm@bindingoffset=\dimen153
\Gm@wd@mp=\dimen154
\Gm@odd@mp=\dimen155
\Gm@even@mp=\dimen156
\Gm@layoutwidth=\dimen157
\Gm@layoutheight=\dimen158
\Gm@layouthoffset=\dimen159
\Gm@layoutvoffset=\dimen160
\Gm@dimlist=\toks23
)
(/usr/share/texlive/texmf-dist/tex/latex/float/float.sty
Package: float 2001/11/08 v1.3d Float enhancements (AL)
\c@float@type=\count291
\float@exts=\toks24
\float@box=\box53
\@float@everytoks=\toks25
\@floatcapt=\box54
)
(/usr/share/texlive/texmf-dist/tex/latex/caption/caption.sty
Package: caption 2020/10/26 v3.5g Customizing captions (AR)

(/usr/share/texlive/texmf-dist/tex/latex/caption/caption3.sty
Package: caption3 2020/10/21 v2.2e caption3 kernel (AR)
\captionmargin=\dimen161
\captionmargin@=\dimen162
\captionwidth=\dimen163
\caption@tempdima=\dimen164
\caption@indent=\dimen165
\caption@parindent=\dimen166
\caption@hangindent=\dimen167
Package caption Info: Standard document class detected.
)
\c@caption@flags=\count292
\c@continuedfloat=\count293
Package caption Info: float package is loaded.
)
(/usr/share/texlive/texmf-dist/tex/latex/booktabs/booktabs.sty
Package: booktabs 2020/01/12 v1.61803398 Publication quality tables
\heavyrulewidth=\dimen168
\lightrulewidth=\dimen169
\cmidrulewidth=\dimen170
\belowrulesep=\dimen171
\belowbottomsep=\dimen172
\aboverulesep=\dimen173
\abovetopsep=\dimen174
\cmidrulesep=\dimen175
\cmidrulekern=\dimen176
\defaultaddspace=\dimen177
\@cmidla=\count294
\@cmidlb=\count295
\@aboverulesep=\dimen178
\@belowrulesep=\dimen179
\@thisruleclass=\count296
\@lastruleclass=\count297
\@thisrulewidth=\dimen180
)
(./Wireless_Communications_EX4_report.aux
LaTeX Info: Redefining \rmfamily on input line 2.
LaTeX Info: Redefining \sffamily on input line 2.
LaTeX Info: Redefining \ttfamily on input line 2.
)
\openout1 = `Wireless_Communications_EX4_report.aux'.

LaTeX Font Info:    Checking defaults for OML/cmm/m/it on input line 71.
LaTeX Font Info:    ... okay on input line 71.
LaTeX Font Info:    Checking defaults for OMS/cmsy/m/n on input line 71.
LaTeX Font Info:    ... okay on input line 71.
LaTeX Font Info:    Checking defaults for OT1/cmr/m/n on input line 71.
LaTeX Font Info:    ... okay on input line 71.
LaTeX Font Info:    Checking defaults for T1/cmr/m/n on input line 71.
LaTeX Font Info:    ... okay on input line 71.
LaTeX Font Info:    Checking defaults for TS1/cmr/m/n on input line 71.
LaTeX Font Info:    Trying to load font information for TS1+cmr on input line 7
1.

(/usr/share/texlive/texmf-dist/tex/latex/base/ts1cmr.fd
File: ts1cmr.fd 2019/12/16 v2.5j Standard LaTeX font definitions
)
LaTeX Font Info:    ... okay on input line 71.
LaTeX Font Info:    Checking defaults for TU/lmr/m/n on input line 71.
LaTeX Font Info:    ... okay on input line 71.
LaTeX Font Info:    Checking defaults for OMX/cmex/m/n on input line 71.
LaTeX Font Info:    ... okay on input line 71.
LaTeX Font Info:    Checking defaults for U/cmr/m/n on input line 71.
LaTeX Font Info:    ... okay on input line 71.

Package fontspec Info: Adjusting the maths setup (use [no-math] to avoid
(fontspec)             this).

\symlegacymaths=\mathgroup6
LaTeX Font Info:    Overwriting symbol font `legacymaths' in version `bold'
(Font)                  OT1/cmr/m/n --> OT1/cmr/bx/n on input line 71.
LaTeX Font Info:    Redeclaring math accent \acute on input line 71.
LaTeX Font Info:    Redeclaring math accent \grave on input line 71.
LaTeX Font Info:    Redeclaring math accent \ddot on input line 71.
LaTeX Font Info:    Redeclaring math accent \tilde on input line 71.
LaTeX Font Info:    Redeclaring math accent \bar on input line 71.
LaTeX Font Info:    Redeclaring math accent \breve on input line 71.
LaTeX Font Info:    Redeclaring math accent \check on input line 71.
LaTeX Font Info:    Redeclaring math accent \hat on input line 71.
LaTeX Font Info:    Redeclaring math accent \dot on input line 71.
LaTeX Font Info:    Redeclaring math accent \mathring on input line 71.
LaTeX Font Info:    Redeclaring math symbol \Gamma on input line 71.
LaTeX Font Info:    Redeclaring math symbol \Delta on input line 71.
LaTeX Font Info:    Redeclaring math symbol \Theta on input line 71.
LaTeX Font Info:    Redeclaring math symbol \Lambda on input line 71.
LaTeX Font Info:    Redeclaring math symbol \Xi on input line 71.
LaTeX Font Info:    Redeclaring math symbol \Pi on input line 71.
LaTeX Font Info:    Redeclaring math symbol \Sigma on input line 71.
LaTeX Font Info:    Redeclaring math symbol \Upsilon on input line 71.
LaTeX Font Info:    Redeclaring math symbol \Phi on input line 71.
LaTeX Font Info:    Redeclaring math symbol \Psi on input line 71.
LaTeX Font Info:    Redeclaring math symbol \Omega on input line 71.
LaTeX Font Info:    Redeclaring math symbol \mathdollar on input line 71.
LaTeX Font Info:    Redeclaring symbol font `operators' on input line 71.
LaTeX Font Info:    Encoding `OT1' has changed to `TU' for symbol font
(Font)              `operators' in the math version `normal' on input line 71.
LaTeX Font Info:    Overwriting symbol font `operators' in version `normal'
(Font)                  OT1/cmr/m/n --> TU/LinuxLibertineO(0)/m/n on input line
 71.
LaTeX Font Info:    Encoding `OT1' has changed to `TU' for symbol font
(Font)              `operators' in the math version `bold' on input line 71.
LaTeX Font Info:    Overwriting symbol font `operators' in version `bold'
(Font)                  OT1/cmr/bx/n --> TU/LinuxLibertineO(0)/m/n on input lin
e 71.
LaTeX Font Info:    Overwriting symbol font `operators' in version `normal'
(Font)                  TU/LinuxLibertineO(0)/m/n --> TU/LinuxLibertineO(0)/m/n
 on input line 71.
LaTeX Font Info:    Overwriting math alphabet `\mathit' in version `normal'
(Font)                  OT1/cmr/m/it --> TU/LinuxLibertineO(0)/m/it on input li
ne 71.
LaTeX Font Info:    Overwriting math alphabet `\mathbf' in version `normal'
(Font)                  OT1/cmr/bx/n --> TU/LinuxLibertineO(0)/b/n on input lin
e 71.
LaTeX Font Info:    Overwriting math alphabet `\mathsf' in version `normal'
(Font)                  OT1/cmss/m/n --> TU/LinuxBiolinumO(0)/m/n on input line
 71.
LaTeX Font Info:    Overwriting math alphabet `\mathtt' in version `normal'
(Font)                  OT1/cmtt/m/n --> TU/DejaVuSansMono(0)/m/n on input line
 71.
LaTeX Font Info:    Overwriting symbol font `operators' in version `bold'
(Font)                  TU/LinuxLibertineO(0)/m/n --> TU/LinuxLibertineO(0)/b/n
 on input line 71.
LaTeX Font Info:    Overwriting math alphabet `\mathit' in version `bold'
(Font)                  OT1/cmr/bx/it --> TU/LinuxLibertineO(0)/b/it on input l
ine 71.
LaTeX Font Info:    Overwriting math alphabet `\mathsf' in version `bold'
(Font)                  OT1/cmss/bx/n --> TU/LinuxBiolinumO(0)/b/n on input lin
e 71.
LaTeX Font Info:    Overwriting math alphabet `\mathtt' in version `bold'
(Font)                  OT1/cmtt/m/n --> TU/DejaVuSansMono(0)/b/n on input line
 71.

*geometry* driver: auto-detecting
*geometry* detected driver: xetex
*geometry* verbose mode - [ preamble ] result:
* driver: xetex
* paper: a4paper
* layout: <same size as paper>
* layoutoffset:(h,v)=(0.0pt,0.0pt)
* modes: 
* h-part:(L,W,R)=(71.13188pt, 455.24411pt, 71.13188pt)
* v-part:(T,H,B)=(71.13188pt, 702.78308pt, 71.13188pt)
* \paperwidth=597.50787pt
* \paperheight=845.04684pt
* \textwidth=455.24411pt
* \textheight=702.78308pt
* \oddsidemargin=-1.1381pt
* \evensidemargin=-1.1381pt
* \topmargin=-38.1381pt
* \headheight=12.0pt
* \headsep=25.0pt
* \topskip=11.0pt
* \footskip=30.0pt
* \marginparwidth=50.0pt
* \marginparsep=10.0pt
* \columnsep=10.0pt
* \skip\footins=10.0pt plus 4.0pt minus 2.0pt
* \hoffset=0.0pt
* \voffset=0.0pt
* \mag=1000
* \@twocolumnfalse
* \@twosidefalse
* \@mparswitchfalse
* \@reversemarginfalse
* (1in=72.27pt=25.4mm, 1cm=28.453pt)

Package caption Info: Begin \AtBeginDocument code.
Package caption Info: End \AtBeginDocument code.
LaTeX Info: Redefining \rmfamily on input line 71.
LaTeX Info: Redefining \sffamily on input line 71.
LaTeX Info: Redefining \ttfamily on input line 71.
LaTeX Info: Redefining \rmfamily on input line 71.
LaTeX Info: Redefining \sffamily on input line 71.
LaTeX Info: Redefining \ttfamily on input line 71.
LaTeX Info: Redefining \rmfamily on input line 75.
LaTeX Info: Redefining \sffamily on input line 75.
LaTeX Info: Redefining \ttfamily on input line 75.
LaTeX Info: Redefining \rmfamily on input line 76.
LaTeX Info: Redefining \sffamily on input line 76.
LaTeX Info: Redefining \ttfamily on input line 76.
LaTeX Font Info:    Trying to load font information for U+msa on input line 79.

(/usr/share/texlive/texmf-dist/tex/latex/amsfonts/umsa.fd
File: umsa.fd 2013/01/14 v3.01 AMS symbols A
)
LaTeX Font Info:    Trying to load font information for U+msb on input line 79.


(/usr/share/texlive/texmf-dist/tex/latex/amsfonts/umsb.fd
File: umsb.fd 2013/01/14 v3.01 AMS symbols B
)
LaTeX Info: Redefining \rmfamily on input line 80.
LaTeX Info: Redefining \sffamily on input line 80.
LaTeX Info: Redefining \ttfamily on input line 80.
LaTeX Info: Redefining \rmfamily on input line 80.
LaTeX Info: Redefining \sffamily on input line 80.
LaTeX Info: Redefining \ttfamily on input line 80.
LaTeX Info: Redefining \rmfamily on input line 81.
LaTeX Info: Redefining \sffamily on input line 81.
LaTeX Info: Redefining \ttfamily on input line 81.
File: figures//part1/part1_1_1_channel_input.png Graphic file (type bmp)
<figures//part1/part1_1_1_channel_input.png>
LaTeX Info: Redefining \rmfamily on input line 106.
LaTeX Info: Redefining \sffamily on input line 106.
LaTeX Info: Redefining \ttfamily on input line 106.
LaTeX Info: Redefining \rmfamily on input line 106.
LaTeX Info: Redefining \sffamily on input line 106.
LaTeX Info: Redefining \ttfamily on input line 106.
 [1

]
File: figures//part1/part1_1_4_analog_channel_ideal.png Graphic file (type bmp)

<figures//part1/part1_1_4_analog_channel_ideal.png>
LaTeX Info: Redefining \rmfamily on input line 125.
LaTeX Info: Redefining \sffamily on input line 125.
LaTeX Info: Redefining \ttfamily on input line 125.
LaTeX Info: Redefining \rmfamily on input line 125.
LaTeX Info: Redefining \sffamily on input line 125.
LaTeX Info: Redefining \ttfamily on input line 125.
File: figures//part1/part1_1_5_energy_stat_ideal.png Graphic file (type bmp)
<figures//part1/part1_1_5_energy_stat_ideal.png>
LaTeX Info: Redefining \rmfamily on input line 139.
LaTeX Info: Redefining \sffamily on input line 139.
LaTeX Info: Redefining \ttfamily on input line 139.
LaTeX Info: Redefining \rmfamily on input line 139.
LaTeX Info: Redefining \sffamily on input line 139.
LaTeX Info: Redefining \ttfamily on input line 139.
 [2]
File: figures//part1/part1_1_6_training_vs_channel_ideal.png Graphic file (type
 bmp)
<figures//part1/part1_1_6_training_vs_channel_ideal.png>
LaTeX Info: Redefining \rmfamily on input line 160.
LaTeX Info: Redefining \sffamily on input line 160.
LaTeX Info: Redefining \ttfamily on input line 160.
LaTeX Info: Redefining \rmfamily on input line 160.
LaTeX Info: Redefining \sffamily on input line 160.
LaTeX Info: Redefining \ttfamily on input line 160.
File: figures//part1/part1_1_7_constellation_ideal.png Graphic file (type bmp)
<figures//part1/part1_1_7_constellation_ideal.png>
LaTeX Info: Redefining \rmfamily on input line 176.
LaTeX Info: Redefining \sffamily on input line 176.
LaTeX Info: Redefining \ttfamily on input line 176.
LaTeX Info: Redefining \rmfamily on input line 176.
LaTeX Info: Redefining \sffamily on input line 176.
LaTeX Info: Redefining \ttfamily on input line 176.
 [3]
File: figures//part1/part1_1_5_energy_stat_complex.png Graphic file (type bmp)
<figures//part1/part1_1_5_energy_stat_complex.png>
LaTeX Info: Redefining \rmfamily on input line 186.
LaTeX Info: Redefining \sffamily on input line 186.
LaTeX Info: Redefining \ttfamily on input line 186.
LaTeX Info: Redefining \rmfamily on input line 186.
LaTeX Info: Redefining \sffamily on input line 186.
LaTeX Info: Redefining \ttfamily on input line 186.
File: figures//part1/part1_1_6_training_vs_channel_complex.png Graphic file (ty
pe bmp)
<figures//part1/part1_1_6_training_vs_channel_complex.png>
LaTeX Info: Redefining \rmfamily on input line 186.
LaTeX Info: Redefining \sffamily on input line 186.
LaTeX Info: Redefining \ttfamily on input line 186.
LaTeX Info: Redefining \rmfamily on input line 186.
LaTeX Info: Redefining \sffamily on input line 186.
LaTeX Info: Redefining \ttfamily on input line 186.
File: figures//part1/part1_1_7_constellation_complex.png Graphic file (type bmp
)
<figures//part1/part1_1_7_constellation_complex.png>
LaTeX Info: Redefining \rmfamily on input line 192.
LaTeX Info: Redefining \sffamily on input line 192.
LaTeX Info: Redefining \ttfamily on input line 192.
LaTeX Info: Redefining \rmfamily on input line 192.
LaTeX Info: Redefining \sffamily on input line 192.
LaTeX Info: Redefining \ttfamily on input line 192.
 [4]
LaTeX Info: Redefining \rmfamily on input line 199.
LaTeX Info: Redefining \sffamily on input line 199.
LaTeX Info: Redefining \ttfamily on input line 199.
File: figures//part2/part2_2_3_energy_stat_ideal.png Graphic file (type bmp)
<figures//part2/part2_2_3_energy_stat_ideal.png>
LaTeX Info: Redefining \rmfamily on input line 218.
LaTeX Info: Redefining \sffamily on input line 218.
LaTeX Info: Redefining \ttfamily on input line 218.
LaTeX Info: Redefining \rmfamily on input line 218.
LaTeX Info: Redefining \sffamily on input line 218.
LaTeX Info: Redefining \ttfamily on input line 218.
File: figures//part2/part2_2_3_training_vs_channel_ideal.png Graphic file (type
 bmp)
<figures//part2/part2_2_3_training_vs_channel_ideal.png>
LaTeX Info: Redefining \rmfamily on input line 218.
LaTeX Info: Redefining \sffamily on input line 218.
LaTeX Info: Redefining \ttfamily on input line 218.
LaTeX Info: Redefining \rmfamily on input line 218.
LaTeX Info: Redefining \sffamily on input line 218.
LaTeX Info: Redefining \ttfamily on input line 218.

[5]
File: figures//part2/part2_2_3_constellation_cfo_ideal.png Graphic file (type b
mp)
<figures//part2/part2_2_3_constellation_cfo_ideal.png>
LaTeX Info: Redefining \rmfamily on input line 238.
LaTeX Info: Redefining \sffamily on input line 238.
LaTeX Info: Redefining \ttfamily on input line 238.
LaTeX Info: Redefining \rmfamily on input line 238.
LaTeX Info: Redefining \sffamily on input line 238.
LaTeX Info: Redefining \ttfamily on input line 238.
File: figures//part2/part2_2_3_constellation_cfo_complex_randphase.png Graphic 
file (type bmp)
<figures//part2/part2_2_3_constellation_cfo_complex_randphase.png>
LaTeX Info: Redefining \rmfamily on input line 247.
LaTeX Info: Redefining \sffamily on input line 247.
LaTeX Info: Redefining \ttfamily on input line 247.
LaTeX Info: Redefining \rmfamily on input line 247.
LaTeX Info: Redefining \sffamily on input line 247.
LaTeX Info: Redefining \ttfamily on input line 247.
 [6]
File: figures//part2/part2_2_5_cfo_fft_ideal.png Graphic file (type bmp)
<figures//part2/part2_2_5_cfo_fft_ideal.png>
LaTeX Info: Redefining \rmfamily on input line 265.
LaTeX Info: Redefining \sffamily on input line 265.
LaTeX Info: Redefining \ttfamily on input line 265.
LaTeX Info: Redefining \rmfamily on input line 265.
LaTeX Info: Redefining \sffamily on input line 265.
LaTeX Info: Redefining \ttfamily on input line 265.
LaTeX Info: Redefining \rmfamily on input line 265.
LaTeX Info: Redefining \sffamily on input line 265.
LaTeX Info: Redefining \ttfamily on input line 265.
LaTeX Info: Redefining \rmfamily on input line 265.
LaTeX Info: Redefining \sffamily on input line 265.
LaTeX Info: Redefining \ttfamily on input line 265.
File: figures//part2/part2_2_5_cfo_fft_complex_randphase.png Graphic file (type
 bmp)
<figures//part2/part2_2_5_cfo_fft_complex_randphase.png>
LaTeX Info: Redefining \rmfamily on input line 265.
LaTeX Info: Redefining \sffamily on input line 265.
LaTeX Info: Redefining \ttfamily on input line 265.
LaTeX Info: Redefining \rmfamily on input line 265.
LaTeX Info: Redefining \sffamily on input line 265.
LaTeX Info: Redefining \ttfamily on input line 265.
LaTeX Info: Redefining \rmfamily on input line 265.
LaTeX Info: Redefining \sffamily on input line 265.
LaTeX Info: Redefining \ttfamily on input line 265.
LaTeX Info: Redefining \rmfamily on input line 265.
LaTeX Info: Redefining \sffamily on input line 265.
LaTeX Info: Redefining \ttfamily on input line 265.
File: figures//part2/part2_2_6_constellation_cfo_corrected_ideal.png Graphic fi
le (type bmp)
<figures//part2/part2_2_6_constellation_cfo_corrected_ideal.png>
LaTeX Info: Redefining \rmfamily on input line 278.
LaTeX Info: Redefining \sffamily on input line 278.
LaTeX Info: Redefining \ttfamily on input line 278.
LaTeX Info: Redefining \rmfamily on input line 278.
LaTeX Info: Redefining \sffamily on input line 278.
LaTeX Info: Redefining \ttfamily on input line 278.
File: figures//part2/part2_2_6_constellation_cfo_corrected_complex_randphase.pn
g Graphic file (type bmp)
<figures//part2/part2_2_6_constellation_cfo_corrected_complex_randphase.png>
LaTeX Info: Redefining \rmfamily on input line 278.
LaTeX Info: Redefining \sffamily on input line 278.
LaTeX Info: Redefining \ttfamily on input line 278.
LaTeX Info: Redefining \rmfamily on input line 278.
LaTeX Info: Redefining \sffamily on input line 278.
LaTeX Info: Redefining \ttfamily on input line 278.
 [7]
File: figures//part2/part2_2_8_constellation_equalized_ideal.png Graphic file (
type bmp)
<figures//part2/part2_2_8_constellation_equalized_ideal.png>
LaTeX Info: Redefining \rmfamily on input line 298.
LaTeX Info: Redefining \sffamily on input line 298.
LaTeX Info: Redefining \ttfamily on input line 298.
LaTeX Info: Redefining \rmfamily on input line 298.
LaTeX Info: Redefining \sffamily on input line 298.
LaTeX Info: Redefining \ttfamily on input line 298.
File: figures//part2/part2_2_8_constellation_equalized_complex_randphase.png Gr
aphic file (type bmp)
<figures//part2/part2_2_8_constellation_equalized_complex_randphase.png>
LaTeX Info: Redefining \rmfamily on input line 298.
LaTeX Info: Redefining \sffamily on input line 298.
LaTeX Info: Redefining \ttfamily on input line 298.
LaTeX Info: Redefining \rmfamily on input line 298.
LaTeX Info: Redefining \sffamily on input line 298.
LaTeX Info: Redefining \ttfamily on input line 298.
File: figures//part3/part3_3_3_analog_channel.png Graphic file (type bmp)
<figures//part3/part3_3_3_analog_channel.png>
LaTeX Info: Redefining \rmfamily on input line 320.
LaTeX Info: Redefining \sffamily on input line 320.
LaTeX Info: Redefining \ttfamily on input line 320.
LaTeX Info: Redefining \rmfamily on input line 320.
LaTeX Info: Redefining \sffamily on input line 320.
LaTeX Info: Redefining \ttfamily on input line 320.
 [8]
File: figures//part3/part3_3_4_corr_vs_channel.png Graphic file (type bmp)
<figures//part3/part3_3_4_corr_vs_channel.png>
LaTeX Info: Redefining \rmfamily on input line 331.
LaTeX Info: Redefining \sffamily on input line 331.
LaTeX Info: Redefining \ttfamily on input line 331.
LaTeX Info: Redefining \rmfamily on input line 331.
LaTeX Info: Redefining \sffamily on input line 331.
LaTeX Info: Redefining \ttfamily on input line 331.
 [9]
File: figures//part3/part3_3_5_energy_stat.png Graphic file (type bmp)
<figures//part3/part3_3_5_energy_stat.png>
LaTeX Info: Redefining \rmfamily on input line 352.
LaTeX Info: Redefining \sffamily on input line 352.
LaTeX Info: Redefining \ttfamily on input line 352.
LaTeX Info: Redefining \rmfamily on input line 352.
LaTeX Info: Redefining \sffamily on input line 352.
LaTeX Info: Redefining \ttfamily on input line 352.
File: figures//part3/part3_3_5_discrete_channel.png Graphic file (type bmp)
<figures//part3/part3_3_5_discrete_channel.png>
LaTeX Info: Redefining \rmfamily on input line 366.
LaTeX Info: Redefining \sffamily on input line 366.
LaTeX Info: Redefining \ttfamily on input line 366.
LaTeX Info: Redefining \rmfamily on input line 366.
LaTeX Info: Redefining \sffamily on input line 366.
LaTeX Info: Redefining \ttfamily on input line 366.
File: figures//part3/part3_3_5_constellation_unequalized.png Graphic file (type
 bmp)
<figures//part3/part3_3_5_constellation_unequalized.png>
LaTeX Info: Redefining \rmfamily on input line 366.
LaTeX Info: Redefining \sffamily on input line 366.
LaTeX Info: Redefining \ttfamily on input line 366.
LaTeX Info: Redefining \rmfamily on input line 366.
LaTeX Info: Redefining \sffamily on input line 366.
LaTeX Info: Redefining \ttfamily on input line 366.
 [10]
File: figures//part3/part3_3_5_channel_estimate.png Graphic file (type bmp)
<figures//part3/part3_3_5_channel_estimate.png>
LaTeX Info: Redefining \rmfamily on input line 393.
LaTeX Info: Redefining \sffamily on input line 393.
LaTeX Info: Redefining \ttfamily on input line 393.
LaTeX Info: Redefining \rmfamily on input line 393.
LaTeX Info: Redefining \sffamily on input line 393.
LaTeX Info: Redefining \ttfamily on input line 393.
File: figures//part3/part3_3_6_combined_response.png Graphic file (type bmp)
<figures//part3/part3_3_6_combined_response.png>
LaTeX Info: Redefining \rmfamily on input line 409.
LaTeX Info: Redefining \sffamily on input line 409.
LaTeX Info: Redefining \ttfamily on input line 409.
LaTeX Info: Redefining \rmfamily on input line 409.
LaTeX Info: Redefining \sffamily on input line 409.
LaTeX Info: Redefining \ttfamily on input line 409.
 [11]
File: figures//part3/part3_3_7_constellation_equalized.png Graphic file (type b
mp)
<figures//part3/part3_3_7_constellation_equalized.png>
LaTeX Info: Redefining \rmfamily on input line 421.
LaTeX Info: Redefining \sffamily on input line 421.
LaTeX Info: Redefining \ttfamily on input line 421.
LaTeX Info: Redefining \rmfamily on input line 421.
LaTeX Info: Redefining \sffamily on input line 421.
LaTeX Info: Redefining \ttfamily on input line 421.
LaTeX Info: Redefining \rmfamily on input line 429.
LaTeX Info: Redefining \sffamily on input line 429.
LaTeX Info: Redefining \ttfamily on input line 429.
 [12]
File: figures//part4/part4_4_4_training_vs_channel.png Graphic file (type bmp)
<figures//part4/part4_4_4_training_vs_channel.png>
LaTeX Info: Redefining \rmfamily on input line 436.
LaTeX Info: Redefining \sffamily on input line 436.
LaTeX Info: Redefining \ttfamily on input line 436.
LaTeX Info: Redefining \rmfamily on input line 436.
LaTeX Info: Redefining \sffamily on input line 436.
LaTeX Info: Redefining \ttfamily on input line 436.
File: figures//part4/part4_4_5_energy_stat.png Graphic file (type bmp)
<figures//part4/part4_4_5_energy_stat.png>
LaTeX Info: Redefining \rmfamily on input line 436.
LaTeX Info: Redefining \sffamily on input line 436.
LaTeX Info: Redefining \ttfamily on input line 436.
LaTeX Info: Redefining \rmfamily on input line 436.
LaTeX Info: Redefining \sffamily on input line 436.
LaTeX Info: Redefining \ttfamily on input line 436.
LaTeX Info: Redefining \rmfamily on input line 436.
LaTeX Info: Redefining \sffamily on input line 436.
LaTeX Info: Redefining \ttfamily on input line 436.
LaTeX Info: Redefining \rmfamily on input line 436.
LaTeX Info: Redefining \sffamily on input line 436.
LaTeX Info: Redefining \ttfamily on input line 436.
File: figures//part4/part4_4_5_constellation_cfo.png Graphic file (type bmp)
<figures//part4/part4_4_5_constellation_cfo.png>
LaTeX Info: Redefining \rmfamily on input line 449.
LaTeX Info: Redefining \sffamily on input line 449.
LaTeX Info: Redefining \ttfamily on input line 449.
LaTeX Info: Redefining \rmfamily on input line 449.
LaTeX Info: Redefining \sffamily on input line 449.
LaTeX Info: Redefining \ttfamily on input line 449.
File: figures//part4/part4_4_5_equalized_noCFO.png Graphic file (type bmp)
<figures//part4/part4_4_5_equalized_noCFO.png>
LaTeX Info: Redefining \rmfamily on input line 449.
LaTeX Info: Redefining \sffamily on input line 449.
LaTeX Info: Redefining \ttfamily on input line 449.
LaTeX Info: Redefining \rmfamily on input line 449.
LaTeX Info: Redefining \sffamily on input line 449.
LaTeX Info: Redefining \ttfamily on input line 449.
 [13]
File: figures//part4/part4_4_6_cfo_cost.png Graphic file (type bmp)
<figures//part4/part4_4_6_cfo_cost.png>
LaTeX Info: Redefining \rmfamily on input line 480.
LaTeX Info: Redefining \sffamily on input line 480.
LaTeX Info: Redefining \ttfamily on input line 480.
LaTeX Info: Redefining \rmfamily on input line 480.
LaTeX Info: Redefining \sffamily on input line 480.
LaTeX Info: Redefining \ttfamily on input line 480.
File: figures//part4/part4_4_6_constellation_cfo_corrected.png Graphic file (ty
pe bmp)
<figures//part4/part4_4_6_constellation_cfo_corrected.png>
LaTeX Info: Redefining \rmfamily on input line 489.
LaTeX Info: Redefining \sffamily on input line 489.
LaTeX Info: Redefining \ttfamily on input line 489.
LaTeX Info: Redefining \rmfamily on input line 489.
LaTeX Info: Redefining \sffamily on input line 489.
LaTeX Info: Redefining \ttfamily on input line 489.
File: figures//part4/part4_4_6_ls_channel.png Graphic file (type bmp)
<figures//part4/part4_4_6_ls_channel.png>
LaTeX Info: Redefining \rmfamily on input line 489.
LaTeX Info: Redefining \sffamily on input line 489.
LaTeX Info: Redefining \ttfamily on input line 489.
LaTeX Info: Redefining \rmfamily on input line 489.
LaTeX Info: Redefining \sffamily on input line 489.
LaTeX Info: Redefining \ttfamily on input line 489.
 [14]
File: figures//part4/part4_4_7_combined_response.png Graphic file (type bmp)
<figures//part4/part4_4_7_combined_response.png>
LaTeX Info: Redefining \rmfamily on input line 497.
LaTeX Info: Redefining \sffamily on input line 497.
LaTeX Info: Redefining \ttfamily on input line 497.
LaTeX Info: Redefining \rmfamily on input line 497.
LaTeX Info: Redefining \sffamily on input line 497.
LaTeX Info: Redefining \ttfamily on input line 497.
File: figures//part4/part4_4_7_constellation_equalized.png Graphic file (type b
mp)
<figures//part4/part4_4_7_constellation_equalized.png>
LaTeX Info: Redefining \rmfamily on input line 497.
LaTeX Info: Redefining \sffamily on input line 497.
LaTeX Info: Redefining \ttfamily on input line 497.
LaTeX Info: Redefining \rmfamily on input line 497.
LaTeX Info: Redefining \sffamily on input line 497.
LaTeX Info: Redefining \ttfamily on input line 497.
The property list \polyglossia@langsetup contains the pairs (without outer
braces):
>  {latex/script}  =>  {latin}
>  {latex/lcscript}  =>  {latin}
>  {latex/scripttag}  =>  {}
>  {latex/language}  =>  {Latex}
>  {latex/langtag}  =>  {ENG}
>  {latex/bcp47}  =>  {}
>  {latex/hyphennames}  =>  {english}
>  {latex/direction}  =>  {LR}
>  {latex/hyphenmins}  =>  {2,3}
>  {latex/frenchspacing}  =>  {false}
>  {latex/indentfirst}  =>  {false}
>  {latex/fontsetup}  =>  {true}
>  {latex/envname}  =>  {latex}
>  {latex/babelname}  =>  {latex}
>  {latex/localnumeral}  =>  {polyglossia@C@localnumeral}
>  {latex/Localnumeral}  =>  {polyglossia@C@localnumeral}
>  {greek/script}  =>  {Greek}
>  {greek/lcscript}  =>  {greek}
>  {greek/scripttag}  =>  {grek}
>  {greek/language}  =>  {Greek}
>  {greek/langtag}  =>  {ELL}
>  {greek/bcp47}  =>  {el-monoton}
>  {greek/hyphennames}  =>  {}
>  {greek/direction}  =>  {LR}
>  {greek/hyphenmins}  =>  {2,3}
>  {greek/frenchspacing}  =>  {true}
>  {greek/indentfirst}  =>  {true}
>  {greek/fontsetup}  =>  {true}
>  {greek/envname}  =>  {greek}
>  {greek/babelname}  =>  {greek}
>  {greek/localnumeral}  =>  {greeknumerals}
>  {greek/Localnumeral}  =>  {Greeknumerals}
>  {english/script}  =>  {latin}
>  {english/lcscript}  =>  {latin}
>  {english/scripttag}  =>  {}
>  {english/language}  =>  {English}
>  {english/langtag}  =>  {ENG}
>  {english/bcp47}  =>  {en-US}
>  {english/hyphennames}  =>  {english,american,usenglish,USenglish}
>  {english/direction}  =>  {LR}
>  {english/hyphenmins}  =>  {2,3}
>  {english/frenchspacing}  =>  {false}
>  {english/indentfirst}  =>  {false}
>  {english/fontsetup}  =>  {true}
>  {english/envname}  =>  {english}
>  {english/babelname}  =>  {american}
>  {english/localnumeral}  =>  {polyglossia@C@localnumeral}
>  {english/Localnumeral}  =>  {polyglossia@C@localnumeral}.
 [15]
(./Wireless_Communications_EX4_report.aux
LaTeX Info: Redefining \rmfamily on input line 2.
LaTeX Info: Redefining \sffamily on input line 2.
LaTeX Info: Redefining \ttfamily on input line 2.
) ) 
Here is how much of TeX's memory you used:
 9017 strings out of 478158
 229193 string characters out of 5853402
 551772 words of memory out of 5000000
 29441 multiletter control sequences out of 15000+600000
 477640 words of font info for 97 fonts, out of 8000000 for 9000
 14 hyphenation exceptions out of 8191
 73i,9n,117p,381b,560s stack positions out of 5000i,500n,10000p,200000b,80000s

Output written on Wireless_Communications_EX4_report.xdv (15 pages, 208116 byte
s).
